move r1 1
jal 12
# child r2
move r1 1
jal 8
# res1 r2
move r1 2
move ra 17
move r0 ra
add r2 r1 5
move ra 16
ble r1 0 16
move r2 7
blt 0 r1 15
move r2 r1
j ra
j r0
# res2 r2
# 18 lines total (not including this line)
