put db 0 0
put db 3 1
put db 6 2
put db 9 3
put db 12 4
put db 15 5
put db 18 6
put db 21 7
put db 24 8
put db 27 9
move r0 0
mul r1 r0 3
add sp r1 3
pop r1
pop r2
pop r3
# value: Pointer(sp, Data(x=int, y=(int, float))) Data(x=r3, y=(r2, r1))
push r2
push r3
push r3
add r0 r0 1
bne r0 10 11
# 22 lines total (not including this line)
