lbn r0 -324331872 -44753248 C1 0
move r1 1
ble 1 r0 4
move r1 2
# cond_consts %r1
lbn r0 -324331872 -44753248 C2 0
move r1 1
ble 1 r0 9
move r1 2
# cond_const_fn %r1
lbn r0 -324331872 -44753248 C3 0
lbn r1 -324331872 -44753248 X 0
ble 1 r0 14
lbn r1 -324331872 -44753248 Y 0
# cond_device_var %r1
# 15 lines total (not including this line)
