_BLACKBOX r0 1
move r1 2
blt r0 1 4
move r1 1
# x: r1
# 5 lines total (not including this line)
