_BLACKBOX r0 1
ble 1 r0 3
# false_branch
# noop (jump here to exit)
# 4 lines total (not including this line)
