move r3 0
jal 6
jal 6
jal 6
jal 6
move ra 19
move r0 ra
move r1 r3
jal 16
jal 16
jal 16
jal 16
jal 16
mul r2 r3 123
add r3 r1 r2
j r0
lb r2 336213101 ImportCount 0
add r1 r1 r2
j ra
# result: %r3
# 20 lines total (not including this line)
