move r1 10
move r2 3
j 12
move r2 23
move r1 6
j 12
lbn r0 336213101 r3 On 0
blt r0 1 9
sbn 336213101 r3 Activate 1
j ra
sbn 336213101 r3 On 1
j ra
move r3 982299349
jal r1
move r3 1300988483
jal r1
move r3 -729623559
jal r1
move r3 -1551506577
jal r1
move r3 1038186188
jal r1
j r2
# noop (jump here to exit)
# 24 lines total (not including this line)
