# x: undef
# 1 lines total (not including this line)
