put db 0 0
put db 3 1
put db 6 2
put db 9 3
put db 12 4
put db 15 5
put db 18 6
put db 21 7
put db 24 8
put db 27 9
move sp 0
add sp sp 3
pop r0
pop r1
# value: (r1, r0)
push r1
push r1
bne sp 30 11
# 18 lines total (not including this line)
