j 3
add r1 r0 123
# res: %r1
move r2 1
jal 11
# call1 %r0
move r1 1
_BLACKBOX r0 1
move r2 2
move ra 1
blt r0 1 2
add r0 r2 1
j ra
# 13 lines total (not including this line)
