l r0 db Temperature
# db: %r0
s db Setting 0
l r0 d3 Temperature
# d3: %r0
s d3 Setting 0
move r0 0
l r1 db Temperature
ble r1 0 10
move r0 1
l r1 dr0 On
s dr0 Setting r1
# 12 lines total (not including this line)
