_BLACKBOX r0 1
blt r0 1 3
# true_branch
# noop (jump here to exit)
# 4 lines total (not including this line)
